2026-02-02T19:25:19.802Z	Initializing build environment...
2026-02-02T19:25:19.802Z	Initializing build environment...
2026-02-02T19:25:22.481Z	Success: Finished initializing build environment
2026-02-02T19:25:23.054Z	Cloning repository...
2026-02-02T19:25:25.446Z	No build output detected to cache. Skipping.
2026-02-02T19:25:25.446Z	No dependencies detected to cache. Skipping.
2026-02-02T19:25:25.449Z	Detected the following tools from environment: 
2026-02-02T19:25:25.601Z	Executing user deploy command: npx wrangler deploy
2026-02-02T19:25:29.584Z	npm warn exec The following package was not found and will be installed: wrangler@4.61.1
2026-02-02T19:25:46.864Z	
2026-02-02T19:25:46.865Z	 ⛅️ wrangler 4.61.1
2026-02-02T19:25:46.865Z	───────────────────
2026-02-02T19:25:46.948Z	
2026-02-02T19:25:46.948Z	Cloudflare collects anonymous telemetry about your usage of Wrangler. Learn more at https://github.com/cloudflare/workers-sdk/tree/main/packages/wrangler/telemetry.md
2026-02-02T19:25:46.950Z	
2026-02-02T19:25:47.056Z	✘ [ERROR] The directory specified by the "assets.directory" field in your configuration file does not exist:
2026-02-02T19:25:47.057Z	
2026-02-02T19:25:47.057Z	  /opt/buildhome/repo/public
2026-02-02T19:25:47.058Z	
2026-02-02T19:25:47.058Z	
2026-02-02T19:25:47.127Z	🪵  Logs were written to "/opt/buildhome/.config/.wrangler/logs/wrangler-2026-02-02_19-25-45_897.log"
2026-02-02T19:25:47.417Z	Failed: error occurred while running deploy command